{
	"type": "minecraft:crafting_shaped",
	"category": "equipment",
	"pattern": [
		" # ",
		" ##",
		"/  "
	],
	"key": {
		"#": "minecraft:gold_ingot",
		"/": "minecraft:stick"
	},
	"result": {
		"id": "minecraft:golden_sword",
		"components": {
			"minecraft:item_name": "Golden Bludgeon",
			"minecraft:item_model": "bracken:average_weapons/golden/bludgeon",
			"minecraft:lore": [
				{"translate":"","color":"white","italic":false},
				{"translate":"When in Main Hand:","color":"gray","italic":false},
				{"translate": "4 Attack Damage","color":"dark_green","italic":false},
				{"translate": "1.6 Attack Speed","color":"dark_green","italic":false},
				{"translate": "Bonus Knockback","color": "aqua","italic": false}
			],
			"minecraft:attribute_modifiers":[{
					"type": "minecraft:attack_damage",
					"id": "bracken:golden_bludgeon",
					"amount": 3,
					"operation": "add_value",
					"slot": "mainhand"
				},{
					"type": "minecraft:attack_speed",
					"id": "bracken:golden_bludgeon",
					"amount": -2.4,
					"operation": "add_value",
					"slot": "mainhand"
				},{
					"type": "minecraft:attack_knockback",
					"id": "bracken:golden_bludgeon",
					"amount": 1,
					"operation": "add_value",
					"slot": "mainhand"
				}],
				"minecraft:tooltip_display": {
        "hidden_components": [
          "minecraft:attribute_modifiers"
        ]
      }
		}
	}
}