{
	"type": "minecraft:smithing_transform",
	"template": "minecraft:vex_armor_trim_smithing_template",
	"base": "minecraft:golden_sword",
	"addition": "minecraft:gold_ingot",
	"result": {
		"id": "minecraft:golden_sword",
		"components": {
			"minecraft:item_name": "Golden Buckler",
			"minecraft:item_model": "bracken:average_weapons/golden/buckler",
			"minecraft:lore": [
				{"translate":"","color":"white","italic":false},
				{"translate":"When in Main Hand:","color":"gray","italic":false},
				{"translate": "2 Attack Damage","color":"dark_green","italic":false},
				{"translate": "1.6 Attack Speed","color":"dark_green","italic":false},
				{"translate": "+3 Armor","color":"dark_green","italic":false}
			],
			"minecraft:attribute_modifiers":[{
					"type": "minecraft:attack_damage",
					"id": "bracken:golden_buckler",
					"amount": 1,
					"operation": "add_value",
					"slot": "mainhand"
				},{
					"type": "minecraft:attack_speed",
					"id": "bracken:golden_buckler",
					"amount": -2.4,
					"operation": "add_value",
					"slot": "mainhand"
				},{
					"type": "minecraft:armor",
					"id": "bracken:golden_buckler",
					"amount": 3,
					"operation": "add_value",
					"slot": "mainhand"
				}],
				"minecraft:tooltip_display": {
        "hidden_components": [
          "minecraft:attribute_modifiers"
        ]
      }
		}
	}
}