{
	"type": "minecraft:smithing_transform",
	"template": "minecraft:wayfinder_armor_trim_smithing_template",
	"base": "minecraft:golden_sword",
	"addition": "minecraft:gold_ingot",
	"result": {
		"id": "minecraft:golden_sword",
		"components": {
			"minecraft:item_name": "\"Golden Katana\"",
			"minecraft:item_model": "bracken:average_weapons/golden/katana",
			"minecraft:lore": [
				"{\"translate\":\"\",\"color\":white,\"italic\":false}",
				"{\"translate\":\"When in Main Hand:\",\"color\":gray,\"italic\":false}",
				"{\"translate\":\" 4 Attack Damage\",\"color\":dark_green,\"italic\":false}",
				"{\"translate\":\" 1.6 Attack Speed\",\"color\":dark_green,\"italic\":false}",
				"{\"translate\":\" +5% Movement Speed\",\"color\":dark_green,\"italic\":false}",
				"{\"translate\":\" Limited Jump Strength\",\"color\":red,\"italic\":false}"
			],
			"minecraft:attribute_modifiers": {
				"modifiers": [{
					"type": "minecraft:attack_damage",
					"id": "bracken:golden_katana",
					"amount": 3,
					"operation": "add_value",
					"slot": "mainhand"
				},{
					"type": "minecraft:attack_speed",
					"id": "bracken:golden_katana",
					"amount": -2.4,
					"operation": "add_value",
					"slot": "mainhand"
				},{
					"type": "minecraft:movement_speed",
					"id": "bracken:golden_katana",
					"amount": 0.05,
					"operation": "add_value",
					"slot": "hand"
				},{
					"type": "minecraft:jump_strength",
					"id": "bracken:golden_katana",
					"amount": -0.5,
					"operation": "add_value",
					"slot": "mainhand"
				}],
				"show_in_tooltip": false
			}
		}
	}
}